// Jest Snapshot v1, https://goo.gl/fbAQLP

exports[`Tristicon component renders correctly 1`] = `
.c0::before {
  content: "\\f13b";
  display: inline-block;
  font: normal normal normal 0.875rem tristicons;
  font-size: inherit;
  text-rendering: auto;
  vertical-align: inherit;
}

<i
  className="c0"
  icon="star"
/>
`;
